
> nalli-nihari-pos@1.0.0 build
> vite build

[36mvite v7.3.0 [32mbuilding client environment for production...[36m[39m
transforming...
node.exe : [31mUnable to resolve `@import 
"./inventory/inventory-styles.css"` from 
C:/Users/yasht/OneDrive/Desktop/nalli nihari/src[39m
At line:1 char:1
+ & "C:\Program Files\nodejs/node.exe" "C:\Program 
Files\nodejs/node_mo ...
+ ~~~~~~~~~~~~~~~~~~~~~~~~~~~~~~~~~~~~~~~~~~~~~~~~~~~~~~~~~~~~
~~~~~~~~~
    + CategoryInfo          : NotSpecified: ([31mUnable to . 
   ..nihari/src[39m:String) [], RemoteException
    + FullyQualifiedErrorId : NativeCommandError
 
[32mΓ£ô[39m 19 modules transformed.
[31mΓ£ù[39m Build failed in 429ms
[31merror during build:
[31m[vite-plugin-pwa:build] [plugin vite-plugin-pwa:build] 
src/App.css (undefined:NaN): There was an error during the 
build:
  [postcss] ENOENT: no such file or directory, open 
'C:\Users\yasht\OneDrive\Desktop\nalli 
nihari\inventory\inventory-styles.css'
Additionally, handling the error in the 'buildEnd' hook 
caused the following error:
  [postcss] ENOENT: no such file or directory, open 
'C:\Users\yasht\OneDrive\Desktop\nalli 
nihari\inventory\inventory-styles.css'[31m
file: [36mC:/Users/yasht/OneDrive/Desktop/nalli 
nihari/src/App.css:undefined:NaN[31m
    at getRollupError (file:///C:/Users/yasht/OneDrive/Desktop
/nalli%20nihari/node_modules/rollup/dist/es/shared/parseAst.js
:401:41)
    at file:///C:/Users/yasht/OneDrive/Desktop/nalli%20nihari/
node_modules/rollup/dist/es/shared/node-entry.js:23418:39
    at async catchUnfinishedHookActions (file:///C:/Users/yash
t/OneDrive/Desktop/nalli%20nihari/node_modules/rollup/dist/es/
shared/node-entry.js:22876:16)
    at async rollupInternal (file:///C:/Users/yasht/OneDrive/D
esktop/nalli%20nihari/node_modules/rollup/dist/es/shared/node-
entry.js:23401:5)
    at async buildEnvironment (file:///C:/Users/yasht/OneDrive
/Desktop/nalli%20nihari/node_modules/vite/dist/node/chunks/con
fig.js:33540:12)
    at async Object.build (file:///C:/Users/yasht/OneDrive/Des
ktop/nalli%20nihari/node_modules/vite/dist/node/chunks/config.
js:33899:19)
    at async Object.buildApp (file:///C:/Users/yasht/OneDrive/
Desktop/nalli%20nihari/node_modules/vite/dist/node/chunks/conf
ig.js:33896:153)
    at async CAC.<anonymous> (file:///C:/Users/yasht/OneDrive/
Desktop/nalli%20nihari/node_modules/vite/dist/node/cli.js:629:
3)[39m
